Nothing to build in platform 'rtos2'

10:16:53 **** Incremental Build of configuration Debug for project lwip_server ****
make all 
make --no-print-directory pre-build
a9-linaro-pre-build-step
 
make --no-print-directory main-build
Building file: ../src/dma_write.c
Invoking: ARM v7 gcc compiler
arm-none-eabi-gcc -Wall -O0 -g3 -c -fmessage-length=0 -MT"src/dma_write.o" -mcpu=cortex-a9 -mfpu=vfpv3 -mfloat-abi=hard -I/home/ej3b/readoutsys/rtos_sys/rtos_sys.sw/rtos2/export/rtos2/sw/rtos2/freertos10_xilinx_ps7_cortexa9_0/bspinclude/include -MMD -MP -MF"src/dma_write.d" -MT"src/dma_write.o" -o "src/dma_write.o" "../src/dma_write.c"
../src/dma_write.c: In function 'vDmaTask':
../src/dma_write.c:241:13: warning: implicit declaration of function 'dma_data_ready_callback' [-Wimplicit-function-declaration]
  241 |             dma_data_ready_callback();
      |             ^~~~~~~~~~~~~~~~~~~~~~~
../src/dma_write.c:244:9: warning: implicit declaration of function 'reset_gpio' [-Wimplicit-function-declaration]
  244 |         reset_gpio();
      |         ^~~~~~~~~~
../src/dma_write.c: At top level:
../src/dma_write.c:249:6: warning: conflicting types for 'reset_gpio'; have 'void(void)'
  249 | void reset_gpio(void) {
      |      ^~~~~~~~~~
../src/dma_write.c:244:9: note: previous implicit declaration of 'reset_gpio' with type 'void(void)'
  244 |         reset_gpio();
      |         ^~~~~~~~~~
Finished building: ../src/dma_write.c
 
Building target: lwip_server.elf
Invoking: ARM v7 gcc linker
arm-none-eabi-gcc -mcpu=cortex-a9 -mfpu=vfpv3 -mfloat-abi=hard -Wl,-build-id=none -specs=Xilinx.spec -Wl,-T -Wl,../src/lscript.ld -L/home/ej3b/readoutsys/rtos_sys/rtos_sys.sw/rtos2/export/rtos2/sw/rtos2/freertos10_xilinx_ps7_cortexa9_0/bsplib/lib -o "lwip_server.elf" ./src/dma_write.o ./src/freertos_tcp_perf_server.o ./src/iic_phyreset.o ./src/iic_task.o ./src/main.o   -Wl,--start-group,-lxil,-lfreertos,-lgcc,-lc,--end-group -Wl,--start-group,-lxil,-llwip4,-lgcc,-lc,--end-group
Finished building target: lwip_server.elf
 
Invoking: ARM v7 Print Size
arm-none-eabi-size lwip_server.elf  |tee "lwip_server.elf.size"
   text	   data	    bss	    dec	    hex	filename
 206213	   2828	32643136	32852177	1f548d1	lwip_server.elf
Finished building: lwip_server.elf.size
 
10:16:54 **** Incremental Build of configuration Debug for project lwip_server_system ****
make all 
Generating bif file for the system project
Executing command '::scw::generate_bif -xpfm /home/ej3b/readoutsys/rtos_sys/rtos_sys.sw/rtos2/export/rtos2/rtos2.xpfm -domains freertos10_xilinx_ps7_cortexa9_0 -bifpath /home/ej3b/readoutsys/rtos_sys/rtos_sys.sw/lwip_server_system/Debug/system.bif' on XSCT

****** Software Commandline Tool (XSCT) v2024.2.0
  **** SW Build 5239620 on Fri Nov 08 16:21:51 MST 2024
    ** Copyright 1986-2022 Xilinx, Inc. All Rights Reserved.
    ** Copyright 2022-2024 Advanced Micro Devices, Inc. All Rights Reserved.


Warning: XSCT is deprecated and will be removed in future releases.
We recommend using the new Python command-line tool for project management and debugging:
- Run "vitis -i" for interactive mode.
- Run "vitis -s <script>" for script mode.
sdcard_gen --xpfm /home/ej3b/readoutsys/rtos_sys/rtos_sys.sw/rtos2/export/rtos2/rtos2.xpfm --sys_config rtos2 --bif /home/ej3b/readoutsys/rtos_sys/rtos_sys.sw/lwip_server_system/Debug/system.bif --bitstream /home/ej3b/readoutsys/rtos_sys/rtos_sys.sw/lwip_server/_ide/bitstream/rtos2.bit --elf /home/ej3b/readoutsys/rtos_sys/rtos_sys.sw/lwip_server/Debug/lwip_server.elf,ps7_cortexa9_0
creating BOOT.BIN using /home/ej3b/readoutsys/rtos_sys/rtos_sys.sw/lwip_server/_ide/bitstream/rtos2.bit
Running /mnt/71b93e02-0f1d-4d32-9e5e-ba2734ee3f54/tool/Vitis/2024.2/bin/bootgen  -image /home/ej3b/readoutsys/rtos_sys/rtos_sys.sw/lwip_server_system/Debug/sd_card_temp/boot.bif -w -o i BOOT.BIN
