13:23:59 **** Incremental Build of configuration Debug for project lwip_server ****
make all 
make --no-print-directory pre-build
a9-linaro-pre-build-step
 
make --no-print-directory main-build
Building file: ../src/dma_write.c
Invoking: ARM v7 gcc compiler
arm-none-eabi-gcc -Wall -O0 -g3 -c -fmessage-length=0 -MT"src/dma_write.o" -mcpu=cortex-a9 -mfpu=vfpv3 -mfloat-abi=hard -I/home/ej3b/readoutsys/rtos_sys/rtos_sys.sw/rtos2/export/rtos2/sw/rtos2/freertos10_xilinx_ps7_cortexa9_0/bspinclude/include -MMD -MP -MF"src/dma_write.d" -MT"src/dma_write.o" -o "src/dma_write.o" "../src/dma_write.c"
../src/dma_write.c: In function 'dma_initialization':
../src/dma_write.c:426:5: warning: implicit declaration of function 'reset_gpio' [-Wimplicit-function-declaration]
  426 |     reset_gpio();
      |     ^~~~~~~~~~
../src/dma_write.c: At top level:
../src/dma_write.c:433:6: warning: conflicting types for 'reset_gpio'; have 'void(void)'
  433 | void reset_gpio(void) {
      |      ^~~~~~~~~~
../src/dma_write.c:426:5: note: previous implicit declaration of 'reset_gpio' with type 'void(void)'
  426 |     reset_gpio();
      |     ^~~~~~~~~~
../src/dma_write.c: In function 'vDmaTask':
../src/dma_write.c:444:9: warning: unused variable 'num_elements' [-Wunused-variable]
  444 |     u32 num_elements = DMA_TRANSFER_SIZE;
      |         ^~~~~~~~~~~~
Finished building: ../src/dma_write.c
 
Building file: ../src/freertos_tcp_perf_server.c
Invoking: ARM v7 gcc compiler
arm-none-eabi-gcc -Wall -O0 -g3 -c -fmessage-length=0 -MT"src/freertos_tcp_perf_server.o" -mcpu=cortex-a9 -mfpu=vfpv3 -mfloat-abi=hard -I/home/ej3b/readoutsys/rtos_sys/rtos_sys.sw/rtos2/export/rtos2/sw/rtos2/freertos10_xilinx_ps7_cortexa9_0/bspinclude/include -MMD -MP -MF"src/freertos_tcp_perf_server.d" -MT"src/freertos_tcp_perf_server.o" -o "src/freertos_tcp_perf_server.o" "../src/freertos_tcp_perf_server.c"
Finished building: ../src/freertos_tcp_perf_server.c
 
Building file: ../src/iic_phyreset.c
Invoking: ARM v7 gcc compiler
arm-none-eabi-gcc -Wall -O0 -g3 -c -fmessage-length=0 -MT"src/iic_phyreset.o" -mcpu=cortex-a9 -mfpu=vfpv3 -mfloat-abi=hard -I/home/ej3b/readoutsys/rtos_sys/rtos_sys.sw/rtos2/export/rtos2/sw/rtos2/freertos10_xilinx_ps7_cortexa9_0/bspinclude/include -MMD -MP -MF"src/iic_phyreset.d" -MT"src/iic_phyreset.o" -o "src/iic_phyreset.o" "../src/iic_phyreset.c"
Finished building: ../src/iic_phyreset.c
 
Building file: ../src/iic_task.c
Invoking: ARM v7 gcc compiler
arm-none-eabi-gcc -Wall -O0 -g3 -c -fmessage-length=0 -MT"src/iic_task.o" -mcpu=cortex-a9 -mfpu=vfpv3 -mfloat-abi=hard -I/home/ej3b/readoutsys/rtos_sys/rtos_sys.sw/rtos2/export/rtos2/sw/rtos2/freertos10_xilinx_ps7_cortexa9_0/bspinclude/include -MMD -MP -MF"src/iic_task.d" -MT"src/iic_task.o" -o "src/iic_task.o" "../src/iic_task.c"
../src/iic_task.c: In function 'IicTask':
../src/iic_task.c:161:5: warning: implicit declaration of function 'tcp_send_message' [-Wimplicit-function-declaration]
  161 |     tcp_send_message("Configuration to Sensor 1 successful\r\n");
      |     ^~~~~~~~~~~~~~~~
Finished building: ../src/iic_task.c
 
Building file: ../src/main.c
Invoking: ARM v7 gcc compiler
arm-none-eabi-gcc -Wall -O0 -g3 -c -fmessage-length=0 -MT"src/main.o" -mcpu=cortex-a9 -mfpu=vfpv3 -mfloat-abi=hard -I/home/ej3b/readoutsys/rtos_sys/rtos_sys.sw/rtos2/export/rtos2/sw/rtos2/freertos10_xilinx_ps7_cortexa9_0/bspinclude/include -MMD -MP -MF"src/main.d" -MT"src/main.o" -o "src/main.o" "../src/main.c"
../src/main.c:263: warning: "THREAD_STACKSIZE" redefined
  263 | #define THREAD_STACKSIZE 2048
      | 
../src/main.c:98: note: this is the location of the previous definition
   98 | #define THREAD_STACKSIZE 1024
      | 
../src/main.c: In function 'main':
../src/main.c:274:9: warning: implicit declaration of function 'dma_initialization' [-Wimplicit-function-declaration]
  274 |     if (dma_initialization() != XST_SUCCESS) {
      |         ^~~~~~~~~~~~~~~~~~
Finished building: ../src/main.c
 
Building target: lwip_server.elf
Invoking: ARM v7 gcc linker
arm-none-eabi-gcc -mcpu=cortex-a9 -mfpu=vfpv3 -mfloat-abi=hard -Wl,-build-id=none -specs=Xilinx.spec -Wl,-T -Wl,../src/lscript.ld -L/home/ej3b/readoutsys/rtos_sys/rtos_sys.sw/rtos2/export/rtos2/sw/rtos2/freertos10_xilinx_ps7_cortexa9_0/bsplib/lib -o "lwip_server.elf" ./src/dma_write.o ./src/freertos_tcp_perf_server.o ./src/iic_phyreset.o ./src/iic_task.o ./src/main.o   -Wl,--start-group,-lxil,-lfreertos,-lgcc,-lc,--end-group -Wl,--start-group,-lxil,-llwip4,-lgcc,-lc,--end-group
Finished building target: lwip_server.elf
 
Invoking: ARM v7 Print Size
arm-none-eabi-size lwip_server.elf  |tee "lwip_server.elf.size"
   text	   data	    bss	    dec	    hex	filename
 197229	   2828	32643136	32843193	1f525b9	lwip_server.elf
Finished building: lwip_server.elf.size
 

13:24:00 Build Finished (took 738ms)

