12:19:11 **** Incremental Build of configuration Debug for project readout ****
make all 
make --no-print-directory pre-build
a9-linaro-pre-build-step
 
make --no-print-directory main-build
Building file: ../src/freertos_hello_world.c
Invoking: ARM v7 gcc compiler
arm-none-eabi-gcc -Wall -O0 -g3 -c -fmessage-length=0 -MT"src/freertos_hello_world.o" -mcpu=cortex-a9 -mfpu=vfpv3 -mfloat-abi=hard -I/home/ej3b/readoutsys/rtos_sys/rtos_sys.sw/rtos_sys_wrapper/export/rtos_sys_wrapper/sw/rtos_sys_wrapper/freertos10_xilinx_ps7_cortexa9_0/bspinclude/include -MMD -MP -MF"src/freertos_hello_world.d" -MT"src/freertos_hello_world.o" -o "src/freertos_hello_world.o" "../src/freertos_hello_world.c"
Finished building: ../src/freertos_hello_world.c
 
Building target: readout.elf
Invoking: ARM v7 gcc linker
arm-none-eabi-gcc -mcpu=cortex-a9 -mfpu=vfpv3 -mfloat-abi=hard -Wl,-build-id=none -specs=Xilinx.spec -Wl,-T -Wl,../src/lscript.ld -L/home/ej3b/readoutsys/rtos_sys/rtos_sys.sw/rtos_sys_wrapper/export/rtos_sys_wrapper/sw/rtos_sys_wrapper/freertos10_xilinx_ps7_cortexa9_0/bsplib/lib -o "readout.elf" ./src/freertos_hello_world.o   -Wl,--start-group,-lxil,-lfreertos,-lgcc,-lc,--end-group -Wl,--start-group,-lxiltimer,-lxil,-lgcc,-lc,--end-group -Wl,--start-group,-lxil,-llwip4,-lgcc,-lc,--end-group
Finished building target: readout.elf
 
Invoking: ARM v7 Print Size
arm-none-eabi-size readout.elf  |tee "readout.elf.size"
   text	   data	    bss	    dec	    hex	filename
  81172	   2600	  89112	 172884	  2a354	readout.elf
Finished building: readout.elf.size
 

12:19:11 Build Finished (took 327ms)

